// Jest Snapshot v1, https://goo.gl/fbAQLP

exports[`LayoutPage matches snapshot 1`] = `
ShallowWrapper {
  "length": 1,
  Symbol(enzyme.__root__): [Circular],
  Symbol(enzyme.__unrendered__): <LayoutPage />,
  Symbol(enzyme.__renderer__): Object {
    "batchedUpdates": [Function],
    "getNode": [Function],
    "render": [Function],
    "simulateEvent": [Function],
    "unmount": [Function],
  },
  Symbol(enzyme.__node__): Object {
    "instance": null,
    "key": undefined,
    "nodeType": "host",
    "props": Object {
      "children": Array [
        <Connect(Navbar) />,
        <main
          className="main"
          style={
            Object {
              "paddingTop": "80px",
            }
          }
        >
          <Switch>
            <Route
              component={[Function]}
              exact={true}
              path="/"
            />
            <Route
              component={[Function]}
              path="/favorites"
            />
            <Route
              component={[Function]}
              exact={true}
              path="/signup"
            />
            <Route
              component={[Function]}
              path="/signin"
            />
            <Route
              component={[Function]}
              path="/signout"
            />
            <Route
              component={[Function]}
              path="/user"
            />
            <Route
              component={[Function]}
              path="/recipe/:id"
            />
            <Route
              component={[Function]}
              exact={true}
              path="/recipe"
            />
            <Route
              component={[Function]}
              path="/myRecipes"
            />
            <Route
              component={[Function]}
              path="/recipeDetail/:id"
            />
            <Route
              component={[Function]}
              path="/recipeSearch"
            />
            <Route
              component={[Function]}
              path="*"
            />
          </Switch>
        </main>,
        <footer
          className="footer text-center"
        >
          <p>
            © More-Recipes 2018
          </p>
          <div>
            <span
              className="fa fa-envelope"
            >
              : more_recipes@andela.com
            </span>
               
            <span
              className="fa fa-phone"
            >
              : +2348012345678
            </span>
          </div>
        </footer>,
      ],
      "className": "body",
    },
    "ref": null,
    "rendered": Array [
      Object {
        "instance": null,
        "key": undefined,
        "nodeType": "class",
        "props": Object {},
        "ref": null,
        "rendered": null,
        "type": [Function],
      },
      Object {
        "instance": null,
        "key": undefined,
        "nodeType": "host",
        "props": Object {
          "children": <Switch>
            <Route
              component={[Function]}
              exact={true}
              path="/"
            />
            <Route
              component={[Function]}
              path="/favorites"
            />
            <Route
              component={[Function]}
              exact={true}
              path="/signup"
            />
            <Route
              component={[Function]}
              path="/signin"
            />
            <Route
              component={[Function]}
              path="/signout"
            />
            <Route
              component={[Function]}
              path="/user"
            />
            <Route
              component={[Function]}
              path="/recipe/:id"
            />
            <Route
              component={[Function]}
              exact={true}
              path="/recipe"
            />
            <Route
              component={[Function]}
              path="/myRecipes"
            />
            <Route
              component={[Function]}
              path="/recipeDetail/:id"
            />
            <Route
              component={[Function]}
              path="/recipeSearch"
            />
            <Route
              component={[Function]}
              path="*"
            />
          </Switch>,
          "className": "main",
          "style": Object {
            "paddingTop": "80px",
          },
        },
        "ref": null,
        "rendered": Object {
          "instance": null,
          "key": undefined,
          "nodeType": "class",
          "props": Object {
            "children": Array [
              <Route
                component={[Function]}
                exact={true}
                path="/"
              />,
              <Route
                component={[Function]}
                path="/favorites"
              />,
              <Route
                component={[Function]}
                exact={true}
                path="/signup"
              />,
              <Route
                component={[Function]}
                path="/signin"
              />,
              <Route
                component={[Function]}
                path="/signout"
              />,
              <Route
                component={[Function]}
                path="/user"
              />,
              <Route
                component={[Function]}
                path="/recipe/:id"
              />,
              <Route
                component={[Function]}
                exact={true}
                path="/recipe"
              />,
              <Route
                component={[Function]}
                path="/myRecipes"
              />,
              <Route
                component={[Function]}
                path="/recipeDetail/:id"
              />,
              <Route
                component={[Function]}
                path="/recipeSearch"
              />,
              <Route
                component={[Function]}
                path="*"
              />,
            ],
          },
          "ref": null,
          "rendered": Array [
            Object {
              "instance": null,
              "key": undefined,
              "nodeType": "class",
              "props": Object {
                "component": [Function],
                "exact": true,
                "path": "/",
              },
              "ref": null,
              "rendered": null,
              "type": [Function],
            },
            Object {
              "instance": null,
              "key": undefined,
              "nodeType": "class",
              "props": Object {
                "component": [Function],
                "path": "/favorites",
              },
              "ref": null,
              "rendered": null,
              "type": [Function],
            },
            Object {
              "instance": null,
              "key": undefined,
              "nodeType": "class",
              "props": Object {
                "component": [Function],
                "exact": true,
                "path": "/signup",
              },
              "ref": null,
              "rendered": null,
              "type": [Function],
            },
            Object {
              "instance": null,
              "key": undefined,
              "nodeType": "class",
              "props": Object {
                "component": [Function],
                "path": "/signin",
              },
              "ref": null,
              "rendered": null,
              "type": [Function],
            },
            Object {
              "instance": null,
              "key": undefined,
              "nodeType": "class",
              "props": Object {
                "component": [Function],
                "path": "/signout",
              },
              "ref": null,
              "rendered": null,
              "type": [Function],
            },
            Object {
              "instance": null,
              "key": undefined,
              "nodeType": "class",
              "props": Object {
                "component": [Function],
                "path": "/user",
              },
              "ref": null,
              "rendered": null,
              "type": [Function],
            },
            Object {
              "instance": null,
              "key": undefined,
              "nodeType": "class",
              "props": Object {
                "component": [Function],
                "path": "/recipe/:id",
              },
              "ref": null,
              "rendered": null,
              "type": [Function],
            },
            Object {
              "instance": null,
              "key": undefined,
              "nodeType": "class",
              "props": Object {
                "component": [Function],
                "exact": true,
                "path": "/recipe",
              },
              "ref": null,
              "rendered": null,
              "type": [Function],
            },
            Object {
              "instance": null,
              "key": undefined,
              "nodeType": "class",
              "props": Object {
                "component": [Function],
                "path": "/myRecipes",
              },
              "ref": null,
              "rendered": null,
              "type": [Function],
            },
            Object {
              "instance": null,
              "key": undefined,
              "nodeType": "class",
              "props": Object {
                "component": [Function],
                "path": "/recipeDetail/:id",
              },
              "ref": null,
              "rendered": null,
              "type": [Function],
            },
            Object {
              "instance": null,
              "key": undefined,
              "nodeType": "class",
              "props": Object {
                "component": [Function],
                "path": "/recipeSearch",
              },
              "ref": null,
              "rendered": null,
              "type": [Function],
            },
            Object {
              "instance": null,
              "key": undefined,
              "nodeType": "class",
              "props": Object {
                "component": [Function],
                "path": "*",
              },
              "ref": null,
              "rendered": null,
              "type": [Function],
            },
          ],
          "type": [Function],
        },
        "type": "main",
      },
      Object {
        "instance": null,
        "key": undefined,
        "nodeType": "host",
        "props": Object {
          "children": Array [
            <p>
              © More-Recipes 2018
            </p>,
            <div>
              <span
                className="fa fa-envelope"
              >
                : more_recipes@andela.com
              </span>
                 
              <span
                className="fa fa-phone"
              >
                : +2348012345678
              </span>
            </div>,
          ],
          "className": "footer text-center",
        },
        "ref": null,
        "rendered": Array [
          Object {
            "instance": null,
            "key": undefined,
            "nodeType": "host",
            "props": Object {
              "children": "© More-Recipes 2018",
            },
            "ref": null,
            "rendered": "© More-Recipes 2018",
            "type": "p",
          },
          Object {
            "instance": null,
            "key": undefined,
            "nodeType": "host",
            "props": Object {
              "children": Array [
                <span
                  className="fa fa-envelope"
                >
                  : more_recipes@andela.com
                </span>,
                "   ",
                <span
                  className="fa fa-phone"
                >
                  : +2348012345678
                </span>,
              ],
            },
            "ref": null,
            "rendered": Array [
              Object {
                "instance": null,
                "key": undefined,
                "nodeType": "host",
                "props": Object {
                  "children": ": more_recipes@andela.com",
                  "className": "fa fa-envelope",
                },
                "ref": null,
                "rendered": ": more_recipes@andela.com",
                "type": "span",
              },
              "   ",
              Object {
                "instance": null,
                "key": undefined,
                "nodeType": "host",
                "props": Object {
                  "children": ": +2348012345678",
                  "className": "fa fa-phone",
                },
                "ref": null,
                "rendered": ": +2348012345678",
                "type": "span",
              },
            ],
            "type": "div",
          },
        ],
        "type": "footer",
      },
    ],
    "type": "div",
  },
  Symbol(enzyme.__nodes__): Array [
    Object {
      "instance": null,
      "key": undefined,
      "nodeType": "host",
      "props": Object {
        "children": Array [
          <Connect(Navbar) />,
          <main
            className="main"
            style={
              Object {
                "paddingTop": "80px",
              }
            }
          >
            <Switch>
              <Route
                component={[Function]}
                exact={true}
                path="/"
              />
              <Route
                component={[Function]}
                path="/favorites"
              />
              <Route
                component={[Function]}
                exact={true}
                path="/signup"
              />
              <Route
                component={[Function]}
                path="/signin"
              />
              <Route
                component={[Function]}
                path="/signout"
              />
              <Route
                component={[Function]}
                path="/user"
              />
              <Route
                component={[Function]}
                path="/recipe/:id"
              />
              <Route
                component={[Function]}
                exact={true}
                path="/recipe"
              />
              <Route
                component={[Function]}
                path="/myRecipes"
              />
              <Route
                component={[Function]}
                path="/recipeDetail/:id"
              />
              <Route
                component={[Function]}
                path="/recipeSearch"
              />
              <Route
                component={[Function]}
                path="*"
              />
            </Switch>
          </main>,
          <footer
            className="footer text-center"
          >
            <p>
              © More-Recipes 2018
            </p>
            <div>
              <span
                className="fa fa-envelope"
              >
                : more_recipes@andela.com
              </span>
                 
              <span
                className="fa fa-phone"
              >
                : +2348012345678
              </span>
            </div>
          </footer>,
        ],
        "className": "body",
      },
      "ref": null,
      "rendered": Array [
        Object {
          "instance": null,
          "key": undefined,
          "nodeType": "class",
          "props": Object {},
          "ref": null,
          "rendered": null,
          "type": [Function],
        },
        Object {
          "instance": null,
          "key": undefined,
          "nodeType": "host",
          "props": Object {
            "children": <Switch>
              <Route
                component={[Function]}
                exact={true}
                path="/"
              />
              <Route
                component={[Function]}
                path="/favorites"
              />
              <Route
                component={[Function]}
                exact={true}
                path="/signup"
              />
              <Route
                component={[Function]}
                path="/signin"
              />
              <Route
                component={[Function]}
                path="/signout"
              />
              <Route
                component={[Function]}
                path="/user"
              />
              <Route
                component={[Function]}
                path="/recipe/:id"
              />
              <Route
                component={[Function]}
                exact={true}
                path="/recipe"
              />
              <Route
                component={[Function]}
                path="/myRecipes"
              />
              <Route
                component={[Function]}
                path="/recipeDetail/:id"
              />
              <Route
                component={[Function]}
                path="/recipeSearch"
              />
              <Route
                component={[Function]}
                path="*"
              />
            </Switch>,
            "className": "main",
            "style": Object {
              "paddingTop": "80px",
            },
          },
          "ref": null,
          "rendered": Object {
            "instance": null,
            "key": undefined,
            "nodeType": "class",
            "props": Object {
              "children": Array [
                <Route
                  component={[Function]}
                  exact={true}
                  path="/"
                />,
                <Route
                  component={[Function]}
                  path="/favorites"
                />,
                <Route
                  component={[Function]}
                  exact={true}
                  path="/signup"
                />,
                <Route
                  component={[Function]}
                  path="/signin"
                />,
                <Route
                  component={[Function]}
                  path="/signout"
                />,
                <Route
                  component={[Function]}
                  path="/user"
                />,
                <Route
                  component={[Function]}
                  path="/recipe/:id"
                />,
                <Route
                  component={[Function]}
                  exact={true}
                  path="/recipe"
                />,
                <Route
                  component={[Function]}
                  path="/myRecipes"
                />,
                <Route
                  component={[Function]}
                  path="/recipeDetail/:id"
                />,
                <Route
                  component={[Function]}
                  path="/recipeSearch"
                />,
                <Route
                  component={[Function]}
                  path="*"
                />,
              ],
            },
            "ref": null,
            "rendered": Array [
              Object {
                "instance": null,
                "key": undefined,
                "nodeType": "class",
                "props": Object {
                  "component": [Function],
                  "exact": true,
                  "path": "/",
                },
                "ref": null,
                "rendered": null,
                "type": [Function],
              },
              Object {
                "instance": null,
                "key": undefined,
                "nodeType": "class",
                "props": Object {
                  "component": [Function],
                  "path": "/favorites",
                },
                "ref": null,
                "rendered": null,
                "type": [Function],
              },
              Object {
                "instance": null,
                "key": undefined,
                "nodeType": "class",
                "props": Object {
                  "component": [Function],
                  "exact": true,
                  "path": "/signup",
                },
                "ref": null,
                "rendered": null,
                "type": [Function],
              },
              Object {
                "instance": null,
                "key": undefined,
                "nodeType": "class",
                "props": Object {
                  "component": [Function],
                  "path": "/signin",
                },
                "ref": null,
                "rendered": null,
                "type": [Function],
              },
              Object {
                "instance": null,
                "key": undefined,
                "nodeType": "class",
                "props": Object {
                  "component": [Function],
                  "path": "/signout",
                },
                "ref": null,
                "rendered": null,
                "type": [Function],
              },
              Object {
                "instance": null,
                "key": undefined,
                "nodeType": "class",
                "props": Object {
                  "component": [Function],
                  "path": "/user",
                },
                "ref": null,
                "rendered": null,
                "type": [Function],
              },
              Object {
                "instance": null,
                "key": undefined,
                "nodeType": "class",
                "props": Object {
                  "component": [Function],
                  "path": "/recipe/:id",
                },
                "ref": null,
                "rendered": null,
                "type": [Function],
              },
              Object {
                "instance": null,
                "key": undefined,
                "nodeType": "class",
                "props": Object {
                  "component": [Function],
                  "exact": true,
                  "path": "/recipe",
                },
                "ref": null,
                "rendered": null,
                "type": [Function],
              },
              Object {
                "instance": null,
                "key": undefined,
                "nodeType": "class",
                "props": Object {
                  "component": [Function],
                  "path": "/myRecipes",
                },
                "ref": null,
                "rendered": null,
                "type": [Function],
              },
              Object {
                "instance": null,
                "key": undefined,
                "nodeType": "class",
                "props": Object {
                  "component": [Function],
                  "path": "/recipeDetail/:id",
                },
                "ref": null,
                "rendered": null,
                "type": [Function],
              },
              Object {
                "instance": null,
                "key": undefined,
                "nodeType": "class",
                "props": Object {
                  "component": [Function],
                  "path": "/recipeSearch",
                },
                "ref": null,
                "rendered": null,
                "type": [Function],
              },
              Object {
                "instance": null,
                "key": undefined,
                "nodeType": "class",
                "props": Object {
                  "component": [Function],
                  "path": "*",
                },
                "ref": null,
                "rendered": null,
                "type": [Function],
              },
            ],
            "type": [Function],
          },
          "type": "main",
        },
        Object {
          "instance": null,
          "key": undefined,
          "nodeType": "host",
          "props": Object {
            "children": Array [
              <p>
                © More-Recipes 2018
              </p>,
              <div>
                <span
                  className="fa fa-envelope"
                >
                  : more_recipes@andela.com
                </span>
                   
                <span
                  className="fa fa-phone"
                >
                  : +2348012345678
                </span>
              </div>,
            ],
            "className": "footer text-center",
          },
          "ref": null,
          "rendered": Array [
            Object {
              "instance": null,
              "key": undefined,
              "nodeType": "host",
              "props": Object {
                "children": "© More-Recipes 2018",
              },
              "ref": null,
              "rendered": "© More-Recipes 2018",
              "type": "p",
            },
            Object {
              "instance": null,
              "key": undefined,
              "nodeType": "host",
              "props": Object {
                "children": Array [
                  <span
                    className="fa fa-envelope"
                  >
                    : more_recipes@andela.com
                  </span>,
                  "   ",
                  <span
                    className="fa fa-phone"
                  >
                    : +2348012345678
                  </span>,
                ],
              },
              "ref": null,
              "rendered": Array [
                Object {
                  "instance": null,
                  "key": undefined,
                  "nodeType": "host",
                  "props": Object {
                    "children": ": more_recipes@andela.com",
                    "className": "fa fa-envelope",
                  },
                  "ref": null,
                  "rendered": ": more_recipes@andela.com",
                  "type": "span",
                },
                "   ",
                Object {
                  "instance": null,
                  "key": undefined,
                  "nodeType": "host",
                  "props": Object {
                    "children": ": +2348012345678",
                    "className": "fa fa-phone",
                  },
                  "ref": null,
                  "rendered": ": +2348012345678",
                  "type": "span",
                },
              ],
              "type": "div",
            },
          ],
          "type": "footer",
        },
      ],
      "type": "div",
    },
  ],
  Symbol(enzyme.__options__): Object {
    "adapter": ReactSixteenAdapter {
      "options": Object {
        "enableComponentDidUpdateOnSetState": true,
      },
    },
  },
}
`;
