// Jest Snapshot v1, https://goo.gl/fbAQLP

exports[`Ratings takes snapshot matches snapshot 1`] = `
ShallowWrapper {
  "length": 1,
  Symbol(enzyme.__root__): [Circular],
  Symbol(enzyme.__unrendered__): <Ratings
    downvoteRecipe={[MockFunction]}
    favoriteRecipe={[MockFunction]}
    recipe={
      Object {
        "id": 1,
        "recipeName": "theRecipe",
      }
    }
    upvoteRecipe={[MockFunction]}
  />,
  Symbol(enzyme.__renderer__): Object {
    "batchedUpdates": [Function],
    "getNode": [Function],
    "render": [Function],
    "simulateEvent": [Function],
    "unmount": [Function],
  },
  Symbol(enzyme.__node__): Object {
    "instance": null,
    "key": undefined,
    "nodeType": "host",
    "props": Object {
      "children": Array [
        <br />,
        <br />,
        <div
          className="card bg-light text-black px-0 text-center"
          id="ratings"
        >
          <img
            alt="Sample recipe"
            className="card-img"
            src="http://res.cloudinary.com/victoradukwu/image/upload/v1520509962/hd7.jpg"
            style={
              Object {
                "height": "400px",
              }
            }
          />
          <div
            className="card-body"
          >
            <div>
              <button
                className=" btn btn-lg fa fa-thumbs-up fa-lg "
                id="upvote"
                onClick={[Function]}
                style={
                  Object {
                    "float": "left",
                  }
                }
              >
                   
              </button>
              <button
                className=" btn btn-lg fa fa-heart fa-lg"
                id="favorite"
                onClick={[Function]}
                style={
                  Object {
                    "float": "none",
                  }
                }
              />
              <button
                className="btn btn-lg fa fa-thumbs-down fa-lg"
                id="downvote"
                onClick={[Function]}
                style={
                  Object {
                    "float": "right",
                  }
                }
              >
                 
              </button>
            </div>
          </div>
        </div>,
      ],
    },
    "ref": null,
    "rendered": Array [
      Object {
        "instance": null,
        "key": undefined,
        "nodeType": "host",
        "props": Object {},
        "ref": null,
        "rendered": null,
        "type": "br",
      },
      Object {
        "instance": null,
        "key": undefined,
        "nodeType": "host",
        "props": Object {},
        "ref": null,
        "rendered": null,
        "type": "br",
      },
      Object {
        "instance": null,
        "key": undefined,
        "nodeType": "host",
        "props": Object {
          "children": Array [
            <img
              alt="Sample recipe"
              className="card-img"
              src="http://res.cloudinary.com/victoradukwu/image/upload/v1520509962/hd7.jpg"
              style={
                Object {
                  "height": "400px",
                }
              }
            />,
            <div
              className="card-body"
            >
              <div>
                <button
                  className=" btn btn-lg fa fa-thumbs-up fa-lg "
                  id="upvote"
                  onClick={[Function]}
                  style={
                    Object {
                      "float": "left",
                    }
                  }
                >
                     
                </button>
                <button
                  className=" btn btn-lg fa fa-heart fa-lg"
                  id="favorite"
                  onClick={[Function]}
                  style={
                    Object {
                      "float": "none",
                    }
                  }
                />
                <button
                  className="btn btn-lg fa fa-thumbs-down fa-lg"
                  id="downvote"
                  onClick={[Function]}
                  style={
                    Object {
                      "float": "right",
                    }
                  }
                >
                   
                </button>
              </div>
            </div>,
          ],
          "className": "card bg-light text-black px-0 text-center",
          "id": "ratings",
        },
        "ref": null,
        "rendered": Array [
          Object {
            "instance": null,
            "key": undefined,
            "nodeType": "host",
            "props": Object {
              "alt": "Sample recipe",
              "className": "card-img",
              "src": "http://res.cloudinary.com/victoradukwu/image/upload/v1520509962/hd7.jpg",
              "style": Object {
                "height": "400px",
              },
            },
            "ref": null,
            "rendered": null,
            "type": "img",
          },
          Object {
            "instance": null,
            "key": undefined,
            "nodeType": "host",
            "props": Object {
              "children": <div>
                <button
                  className=" btn btn-lg fa fa-thumbs-up fa-lg "
                  id="upvote"
                  onClick={[Function]}
                  style={
                    Object {
                      "float": "left",
                    }
                  }
                >
                     
                </button>
                <button
                  className=" btn btn-lg fa fa-heart fa-lg"
                  id="favorite"
                  onClick={[Function]}
                  style={
                    Object {
                      "float": "none",
                    }
                  }
                />
                <button
                  className="btn btn-lg fa fa-thumbs-down fa-lg"
                  id="downvote"
                  onClick={[Function]}
                  style={
                    Object {
                      "float": "right",
                    }
                  }
                >
                   
                </button>
              </div>,
              "className": "card-body",
            },
            "ref": null,
            "rendered": Object {
              "instance": null,
              "key": undefined,
              "nodeType": "host",
              "props": Object {
                "children": Array [
                  <button
                    className=" btn btn-lg fa fa-thumbs-up fa-lg "
                    id="upvote"
                    onClick={[Function]}
                    style={
                      Object {
                        "float": "left",
                      }
                    }
                  >
                       
                  </button>,
                  <button
                    className=" btn btn-lg fa fa-heart fa-lg"
                    id="favorite"
                    onClick={[Function]}
                    style={
                      Object {
                        "float": "none",
                      }
                    }
                  />,
                  <button
                    className="btn btn-lg fa fa-thumbs-down fa-lg"
                    id="downvote"
                    onClick={[Function]}
                    style={
                      Object {
                        "float": "right",
                      }
                    }
                  >
                     
                  </button>,
                ],
              },
              "ref": null,
              "rendered": Array [
                Object {
                  "instance": null,
                  "key": undefined,
                  "nodeType": "host",
                  "props": Object {
                    "children": Array [
                      "   ",
                      undefined,
                    ],
                    "className": " btn btn-lg fa fa-thumbs-up fa-lg ",
                    "id": "upvote",
                    "onClick": [Function],
                    "style": Object {
                      "float": "left",
                    },
                  },
                  "ref": null,
                  "rendered": Array [
                    "   ",
                    undefined,
                  ],
                  "type": "button",
                },
                Object {
                  "instance": null,
                  "key": undefined,
                  "nodeType": "host",
                  "props": Object {
                    "className": " btn btn-lg fa fa-heart fa-lg",
                    "id": "favorite",
                    "onClick": [Function],
                    "style": Object {
                      "float": "none",
                    },
                  },
                  "ref": null,
                  "rendered": null,
                  "type": "button",
                },
                Object {
                  "instance": null,
                  "key": undefined,
                  "nodeType": "host",
                  "props": Object {
                    "children": Array [
                      " ",
                      undefined,
                    ],
                    "className": "btn btn-lg fa fa-thumbs-down fa-lg",
                    "id": "downvote",
                    "onClick": [Function],
                    "style": Object {
                      "float": "right",
                    },
                  },
                  "ref": null,
                  "rendered": Array [
                    " ",
                    undefined,
                  ],
                  "type": "button",
                },
              ],
              "type": "div",
            },
            "type": "div",
          },
        ],
        "type": "div",
      },
    ],
    "type": "div",
  },
  Symbol(enzyme.__nodes__): Array [
    Object {
      "instance": null,
      "key": undefined,
      "nodeType": "host",
      "props": Object {
        "children": Array [
          <br />,
          <br />,
          <div
            className="card bg-light text-black px-0 text-center"
            id="ratings"
          >
            <img
              alt="Sample recipe"
              className="card-img"
              src="http://res.cloudinary.com/victoradukwu/image/upload/v1520509962/hd7.jpg"
              style={
                Object {
                  "height": "400px",
                }
              }
            />
            <div
              className="card-body"
            >
              <div>
                <button
                  className=" btn btn-lg fa fa-thumbs-up fa-lg "
                  id="upvote"
                  onClick={[Function]}
                  style={
                    Object {
                      "float": "left",
                    }
                  }
                >
                     
                </button>
                <button
                  className=" btn btn-lg fa fa-heart fa-lg"
                  id="favorite"
                  onClick={[Function]}
                  style={
                    Object {
                      "float": "none",
                    }
                  }
                />
                <button
                  className="btn btn-lg fa fa-thumbs-down fa-lg"
                  id="downvote"
                  onClick={[Function]}
                  style={
                    Object {
                      "float": "right",
                    }
                  }
                >
                   
                </button>
              </div>
            </div>
          </div>,
        ],
      },
      "ref": null,
      "rendered": Array [
        Object {
          "instance": null,
          "key": undefined,
          "nodeType": "host",
          "props": Object {},
          "ref": null,
          "rendered": null,
          "type": "br",
        },
        Object {
          "instance": null,
          "key": undefined,
          "nodeType": "host",
          "props": Object {},
          "ref": null,
          "rendered": null,
          "type": "br",
        },
        Object {
          "instance": null,
          "key": undefined,
          "nodeType": "host",
          "props": Object {
            "children": Array [
              <img
                alt="Sample recipe"
                className="card-img"
                src="http://res.cloudinary.com/victoradukwu/image/upload/v1520509962/hd7.jpg"
                style={
                  Object {
                    "height": "400px",
                  }
                }
              />,
              <div
                className="card-body"
              >
                <div>
                  <button
                    className=" btn btn-lg fa fa-thumbs-up fa-lg "
                    id="upvote"
                    onClick={[Function]}
                    style={
                      Object {
                        "float": "left",
                      }
                    }
                  >
                       
                  </button>
                  <button
                    className=" btn btn-lg fa fa-heart fa-lg"
                    id="favorite"
                    onClick={[Function]}
                    style={
                      Object {
                        "float": "none",
                      }
                    }
                  />
                  <button
                    className="btn btn-lg fa fa-thumbs-down fa-lg"
                    id="downvote"
                    onClick={[Function]}
                    style={
                      Object {
                        "float": "right",
                      }
                    }
                  >
                     
                  </button>
                </div>
              </div>,
            ],
            "className": "card bg-light text-black px-0 text-center",
            "id": "ratings",
          },
          "ref": null,
          "rendered": Array [
            Object {
              "instance": null,
              "key": undefined,
              "nodeType": "host",
              "props": Object {
                "alt": "Sample recipe",
                "className": "card-img",
                "src": "http://res.cloudinary.com/victoradukwu/image/upload/v1520509962/hd7.jpg",
                "style": Object {
                  "height": "400px",
                },
              },
              "ref": null,
              "rendered": null,
              "type": "img",
            },
            Object {
              "instance": null,
              "key": undefined,
              "nodeType": "host",
              "props": Object {
                "children": <div>
                  <button
                    className=" btn btn-lg fa fa-thumbs-up fa-lg "
                    id="upvote"
                    onClick={[Function]}
                    style={
                      Object {
                        "float": "left",
                      }
                    }
                  >
                       
                  </button>
                  <button
                    className=" btn btn-lg fa fa-heart fa-lg"
                    id="favorite"
                    onClick={[Function]}
                    style={
                      Object {
                        "float": "none",
                      }
                    }
                  />
                  <button
                    className="btn btn-lg fa fa-thumbs-down fa-lg"
                    id="downvote"
                    onClick={[Function]}
                    style={
                      Object {
                        "float": "right",
                      }
                    }
                  >
                     
                  </button>
                </div>,
                "className": "card-body",
              },
              "ref": null,
              "rendered": Object {
                "instance": null,
                "key": undefined,
                "nodeType": "host",
                "props": Object {
                  "children": Array [
                    <button
                      className=" btn btn-lg fa fa-thumbs-up fa-lg "
                      id="upvote"
                      onClick={[Function]}
                      style={
                        Object {
                          "float": "left",
                        }
                      }
                    >
                         
                    </button>,
                    <button
                      className=" btn btn-lg fa fa-heart fa-lg"
                      id="favorite"
                      onClick={[Function]}
                      style={
                        Object {
                          "float": "none",
                        }
                      }
                    />,
                    <button
                      className="btn btn-lg fa fa-thumbs-down fa-lg"
                      id="downvote"
                      onClick={[Function]}
                      style={
                        Object {
                          "float": "right",
                        }
                      }
                    >
                       
                    </button>,
                  ],
                },
                "ref": null,
                "rendered": Array [
                  Object {
                    "instance": null,
                    "key": undefined,
                    "nodeType": "host",
                    "props": Object {
                      "children": Array [
                        "   ",
                        undefined,
                      ],
                      "className": " btn btn-lg fa fa-thumbs-up fa-lg ",
                      "id": "upvote",
                      "onClick": [Function],
                      "style": Object {
                        "float": "left",
                      },
                    },
                    "ref": null,
                    "rendered": Array [
                      "   ",
                      undefined,
                    ],
                    "type": "button",
                  },
                  Object {
                    "instance": null,
                    "key": undefined,
                    "nodeType": "host",
                    "props": Object {
                      "className": " btn btn-lg fa fa-heart fa-lg",
                      "id": "favorite",
                      "onClick": [Function],
                      "style": Object {
                        "float": "none",
                      },
                    },
                    "ref": null,
                    "rendered": null,
                    "type": "button",
                  },
                  Object {
                    "instance": null,
                    "key": undefined,
                    "nodeType": "host",
                    "props": Object {
                      "children": Array [
                        " ",
                        undefined,
                      ],
                      "className": "btn btn-lg fa fa-thumbs-down fa-lg",
                      "id": "downvote",
                      "onClick": [Function],
                      "style": Object {
                        "float": "right",
                      },
                    },
                    "ref": null,
                    "rendered": Array [
                      " ",
                      undefined,
                    ],
                    "type": "button",
                  },
                ],
                "type": "div",
              },
              "type": "div",
            },
          ],
          "type": "div",
        },
      ],
      "type": "div",
    },
  ],
  Symbol(enzyme.__options__): Object {
    "adapter": ReactSixteenAdapter {
      "options": Object {
        "enableComponentDidUpdateOnSetState": true,
      },
    },
  },
}
`;
