// Jest Snapshot v1, https://goo.gl/fbAQLP

exports[`RecipeList matches snapshot 1`] = `
ShallowWrapper {
  "length": 1,
  Symbol(enzyme.__root__): [Circular],
  Symbol(enzyme.__unrendered__): <RecipeList
    deleteRecipe={[MockFunction]}
    userRecipes={
      Array [
        Object {
          "id": 1,
        },
      ]
    }
  />,
  Symbol(enzyme.__renderer__): Object {
    "batchedUpdates": [Function],
    "getNode": [Function],
    "render": [Function],
    "simulateEvent": [Function],
    "unmount": [Function],
  },
  Symbol(enzyme.__node__): Object {
    "instance": null,
    "key": undefined,
    "nodeType": "host",
    "props": Object {
      "children": Array [
        <thead>
          <tr>
            <th>
              Recipe Name
            </th>
            <th>
              Upvotes
            </th>
            <th>
              Downvotes
            </th>
            <th>
              Favorites
            </th>
            <th>
              views
            </th>
            <th>
              Actions
            </th>
          </tr>
        </thead>,
        <tbody>
          <UserRecipe
            deleteRecipe={[MockFunction]}
            userRecipe={
              Object {
                "id": 1,
              }
            }
          />
        </tbody>,
      ],
      "className": "table tableResponsive w-auto table-hover",
      "id": "userRecipes",
    },
    "ref": null,
    "rendered": Array [
      Object {
        "instance": null,
        "key": undefined,
        "nodeType": "host",
        "props": Object {
          "children": <tr>
            <th>
              Recipe Name
            </th>
            <th>
              Upvotes
            </th>
            <th>
              Downvotes
            </th>
            <th>
              Favorites
            </th>
            <th>
              views
            </th>
            <th>
              Actions
            </th>
          </tr>,
        },
        "ref": null,
        "rendered": Object {
          "instance": null,
          "key": undefined,
          "nodeType": "host",
          "props": Object {
            "children": Array [
              <th>
                Recipe Name
              </th>,
              <th>
                Upvotes
              </th>,
              <th>
                Downvotes
              </th>,
              <th>
                Favorites
              </th>,
              <th>
                views
              </th>,
              <th>
                Actions
              </th>,
            ],
          },
          "ref": null,
          "rendered": Array [
            Object {
              "instance": null,
              "key": undefined,
              "nodeType": "host",
              "props": Object {
                "children": "Recipe Name",
              },
              "ref": null,
              "rendered": "Recipe Name",
              "type": "th",
            },
            Object {
              "instance": null,
              "key": undefined,
              "nodeType": "host",
              "props": Object {
                "children": "Upvotes",
              },
              "ref": null,
              "rendered": "Upvotes",
              "type": "th",
            },
            Object {
              "instance": null,
              "key": undefined,
              "nodeType": "host",
              "props": Object {
                "children": "Downvotes",
              },
              "ref": null,
              "rendered": "Downvotes",
              "type": "th",
            },
            Object {
              "instance": null,
              "key": undefined,
              "nodeType": "host",
              "props": Object {
                "children": "Favorites",
              },
              "ref": null,
              "rendered": "Favorites",
              "type": "th",
            },
            Object {
              "instance": null,
              "key": undefined,
              "nodeType": "host",
              "props": Object {
                "children": "views",
              },
              "ref": null,
              "rendered": "views",
              "type": "th",
            },
            Object {
              "instance": null,
              "key": undefined,
              "nodeType": "host",
              "props": Object {
                "children": "Actions",
              },
              "ref": null,
              "rendered": "Actions",
              "type": "th",
            },
          ],
          "type": "tr",
        },
        "type": "thead",
      },
      Object {
        "instance": null,
        "key": undefined,
        "nodeType": "host",
        "props": Object {
          "children": Array [
            <UserRecipe
              deleteRecipe={[MockFunction]}
              userRecipe={
                Object {
                  "id": 1,
                }
              }
            />,
          ],
        },
        "ref": null,
        "rendered": Array [
          Object {
            "instance": null,
            "key": "1",
            "nodeType": "function",
            "props": Object {
              "deleteRecipe": [MockFunction],
              "userRecipe": Object {
                "id": 1,
              },
            },
            "ref": null,
            "rendered": null,
            "type": [Function],
          },
        ],
        "type": "tbody",
      },
    ],
    "type": "table",
  },
  Symbol(enzyme.__nodes__): Array [
    Object {
      "instance": null,
      "key": undefined,
      "nodeType": "host",
      "props": Object {
        "children": Array [
          <thead>
            <tr>
              <th>
                Recipe Name
              </th>
              <th>
                Upvotes
              </th>
              <th>
                Downvotes
              </th>
              <th>
                Favorites
              </th>
              <th>
                views
              </th>
              <th>
                Actions
              </th>
            </tr>
          </thead>,
          <tbody>
            <UserRecipe
              deleteRecipe={[MockFunction]}
              userRecipe={
                Object {
                  "id": 1,
                }
              }
            />
          </tbody>,
        ],
        "className": "table tableResponsive w-auto table-hover",
        "id": "userRecipes",
      },
      "ref": null,
      "rendered": Array [
        Object {
          "instance": null,
          "key": undefined,
          "nodeType": "host",
          "props": Object {
            "children": <tr>
              <th>
                Recipe Name
              </th>
              <th>
                Upvotes
              </th>
              <th>
                Downvotes
              </th>
              <th>
                Favorites
              </th>
              <th>
                views
              </th>
              <th>
                Actions
              </th>
            </tr>,
          },
          "ref": null,
          "rendered": Object {
            "instance": null,
            "key": undefined,
            "nodeType": "host",
            "props": Object {
              "children": Array [
                <th>
                  Recipe Name
                </th>,
                <th>
                  Upvotes
                </th>,
                <th>
                  Downvotes
                </th>,
                <th>
                  Favorites
                </th>,
                <th>
                  views
                </th>,
                <th>
                  Actions
                </th>,
              ],
            },
            "ref": null,
            "rendered": Array [
              Object {
                "instance": null,
                "key": undefined,
                "nodeType": "host",
                "props": Object {
                  "children": "Recipe Name",
                },
                "ref": null,
                "rendered": "Recipe Name",
                "type": "th",
              },
              Object {
                "instance": null,
                "key": undefined,
                "nodeType": "host",
                "props": Object {
                  "children": "Upvotes",
                },
                "ref": null,
                "rendered": "Upvotes",
                "type": "th",
              },
              Object {
                "instance": null,
                "key": undefined,
                "nodeType": "host",
                "props": Object {
                  "children": "Downvotes",
                },
                "ref": null,
                "rendered": "Downvotes",
                "type": "th",
              },
              Object {
                "instance": null,
                "key": undefined,
                "nodeType": "host",
                "props": Object {
                  "children": "Favorites",
                },
                "ref": null,
                "rendered": "Favorites",
                "type": "th",
              },
              Object {
                "instance": null,
                "key": undefined,
                "nodeType": "host",
                "props": Object {
                  "children": "views",
                },
                "ref": null,
                "rendered": "views",
                "type": "th",
              },
              Object {
                "instance": null,
                "key": undefined,
                "nodeType": "host",
                "props": Object {
                  "children": "Actions",
                },
                "ref": null,
                "rendered": "Actions",
                "type": "th",
              },
            ],
            "type": "tr",
          },
          "type": "thead",
        },
        Object {
          "instance": null,
          "key": undefined,
          "nodeType": "host",
          "props": Object {
            "children": Array [
              <UserRecipe
                deleteRecipe={[MockFunction]}
                userRecipe={
                  Object {
                    "id": 1,
                  }
                }
              />,
            ],
          },
          "ref": null,
          "rendered": Array [
            Object {
              "instance": null,
              "key": "1",
              "nodeType": "function",
              "props": Object {
                "deleteRecipe": [MockFunction],
                "userRecipe": Object {
                  "id": 1,
                },
              },
              "ref": null,
              "rendered": null,
              "type": [Function],
            },
          ],
          "type": "tbody",
        },
      ],
      "type": "table",
    },
  ],
  Symbol(enzyme.__options__): Object {
    "adapter": ReactSixteenAdapter {
      "options": Object {
        "enableComponentDidUpdateOnSetState": true,
      },
    },
  },
}
`;
