// Jest Snapshot v1, https://goo.gl/fbAQLP

exports[`RecipeSearchPage matches snapshot 1`] = `
ShallowWrapper {
  "length": 1,
  Symbol(enzyme.__root__): [Circular],
  Symbol(enzyme.__unrendered__): <RecipeSearchPage
    isSearching={true}
    searchError="someError"
    searchedRecipes={Array []}
  />,
  Symbol(enzyme.__renderer__): Object {
    "batchedUpdates": [Function],
    "getNode": [Function],
    "render": [Function],
    "simulateEvent": [Function],
    "unmount": [Function],
  },
  Symbol(enzyme.__node__): Object {
    "instance": null,
    "key": undefined,
    "nodeType": "host",
    "props": Object {
      "children": Array [
        <h4>
          <small>
            Search result
          </small>
        </h4>,
        <hr />,
        <div
          className="container"
        >
          <div
            className="container bg-3 text-center main-content"
          >
            <MDSpinner
              color1="rgb(66, 165, 245)"
              color2="rgb(239, 83, 80)"
              color3="rgb(253, 216, 53)"
              color4="rgb(76, 175, 80)"
              duration={1333}
              size="40"
            />
          </div>
          <br />
          <br />
          <br />
          <br />
        </div>,
      ],
      "style": Object {
        "margin": "0",
        "padding": "0",
      },
    },
    "ref": null,
    "rendered": Array [
      Object {
        "instance": null,
        "key": undefined,
        "nodeType": "host",
        "props": Object {
          "children": <small>
            Search result
          </small>,
        },
        "ref": null,
        "rendered": Object {
          "instance": null,
          "key": undefined,
          "nodeType": "host",
          "props": Object {
            "children": "Search result",
          },
          "ref": null,
          "rendered": "Search result",
          "type": "small",
        },
        "type": "h4",
      },
      Object {
        "instance": null,
        "key": undefined,
        "nodeType": "host",
        "props": Object {},
        "ref": null,
        "rendered": null,
        "type": "hr",
      },
      Object {
        "instance": null,
        "key": undefined,
        "nodeType": "host",
        "props": Object {
          "children": Array [
            <div
              className="container bg-3 text-center main-content"
            >
              <MDSpinner
                color1="rgb(66, 165, 245)"
                color2="rgb(239, 83, 80)"
                color3="rgb(253, 216, 53)"
                color4="rgb(76, 175, 80)"
                duration={1333}
                size="40"
              />
            </div>,
            <br />,
            <br />,
            <br />,
            <br />,
          ],
          "className": "container",
        },
        "ref": null,
        "rendered": Array [
          Object {
            "instance": null,
            "key": undefined,
            "nodeType": "host",
            "props": Object {
              "children": <MDSpinner
                color1="rgb(66, 165, 245)"
                color2="rgb(239, 83, 80)"
                color3="rgb(253, 216, 53)"
                color4="rgb(76, 175, 80)"
                duration={1333}
                size="40"
              />,
              "className": "container bg-3 text-center main-content",
            },
            "ref": null,
            "rendered": Object {
              "instance": null,
              "key": undefined,
              "nodeType": "class",
              "props": Object {
                "color1": "rgb(66, 165, 245)",
                "color2": "rgb(239, 83, 80)",
                "color3": "rgb(253, 216, 53)",
                "color4": "rgb(76, 175, 80)",
                "duration": 1333,
                "size": "40",
              },
              "ref": null,
              "rendered": null,
              "type": [Function],
            },
            "type": "div",
          },
          Object {
            "instance": null,
            "key": undefined,
            "nodeType": "host",
            "props": Object {},
            "ref": null,
            "rendered": null,
            "type": "br",
          },
          Object {
            "instance": null,
            "key": undefined,
            "nodeType": "host",
            "props": Object {},
            "ref": null,
            "rendered": null,
            "type": "br",
          },
          Object {
            "instance": null,
            "key": undefined,
            "nodeType": "host",
            "props": Object {},
            "ref": null,
            "rendered": null,
            "type": "br",
          },
          Object {
            "instance": null,
            "key": undefined,
            "nodeType": "host",
            "props": Object {},
            "ref": null,
            "rendered": null,
            "type": "br",
          },
        ],
        "type": "div",
      },
    ],
    "type": "div",
  },
  Symbol(enzyme.__nodes__): Array [
    Object {
      "instance": null,
      "key": undefined,
      "nodeType": "host",
      "props": Object {
        "children": Array [
          <h4>
            <small>
              Search result
            </small>
          </h4>,
          <hr />,
          <div
            className="container"
          >
            <div
              className="container bg-3 text-center main-content"
            >
              <MDSpinner
                color1="rgb(66, 165, 245)"
                color2="rgb(239, 83, 80)"
                color3="rgb(253, 216, 53)"
                color4="rgb(76, 175, 80)"
                duration={1333}
                size="40"
              />
            </div>
            <br />
            <br />
            <br />
            <br />
          </div>,
        ],
        "style": Object {
          "margin": "0",
          "padding": "0",
        },
      },
      "ref": null,
      "rendered": Array [
        Object {
          "instance": null,
          "key": undefined,
          "nodeType": "host",
          "props": Object {
            "children": <small>
              Search result
            </small>,
          },
          "ref": null,
          "rendered": Object {
            "instance": null,
            "key": undefined,
            "nodeType": "host",
            "props": Object {
              "children": "Search result",
            },
            "ref": null,
            "rendered": "Search result",
            "type": "small",
          },
          "type": "h4",
        },
        Object {
          "instance": null,
          "key": undefined,
          "nodeType": "host",
          "props": Object {},
          "ref": null,
          "rendered": null,
          "type": "hr",
        },
        Object {
          "instance": null,
          "key": undefined,
          "nodeType": "host",
          "props": Object {
            "children": Array [
              <div
                className="container bg-3 text-center main-content"
              >
                <MDSpinner
                  color1="rgb(66, 165, 245)"
                  color2="rgb(239, 83, 80)"
                  color3="rgb(253, 216, 53)"
                  color4="rgb(76, 175, 80)"
                  duration={1333}
                  size="40"
                />
              </div>,
              <br />,
              <br />,
              <br />,
              <br />,
            ],
            "className": "container",
          },
          "ref": null,
          "rendered": Array [
            Object {
              "instance": null,
              "key": undefined,
              "nodeType": "host",
              "props": Object {
                "children": <MDSpinner
                  color1="rgb(66, 165, 245)"
                  color2="rgb(239, 83, 80)"
                  color3="rgb(253, 216, 53)"
                  color4="rgb(76, 175, 80)"
                  duration={1333}
                  size="40"
                />,
                "className": "container bg-3 text-center main-content",
              },
              "ref": null,
              "rendered": Object {
                "instance": null,
                "key": undefined,
                "nodeType": "class",
                "props": Object {
                  "color1": "rgb(66, 165, 245)",
                  "color2": "rgb(239, 83, 80)",
                  "color3": "rgb(253, 216, 53)",
                  "color4": "rgb(76, 175, 80)",
                  "duration": 1333,
                  "size": "40",
                },
                "ref": null,
                "rendered": null,
                "type": [Function],
              },
              "type": "div",
            },
            Object {
              "instance": null,
              "key": undefined,
              "nodeType": "host",
              "props": Object {},
              "ref": null,
              "rendered": null,
              "type": "br",
            },
            Object {
              "instance": null,
              "key": undefined,
              "nodeType": "host",
              "props": Object {},
              "ref": null,
              "rendered": null,
              "type": "br",
            },
            Object {
              "instance": null,
              "key": undefined,
              "nodeType": "host",
              "props": Object {},
              "ref": null,
              "rendered": null,
              "type": "br",
            },
            Object {
              "instance": null,
              "key": undefined,
              "nodeType": "host",
              "props": Object {},
              "ref": null,
              "rendered": null,
              "type": "br",
            },
          ],
          "type": "div",
        },
      ],
      "type": "div",
    },
  ],
  Symbol(enzyme.__options__): Object {
    "adapter": ReactSixteenAdapter {
      "options": Object {
        "enableComponentDidUpdateOnSetState": true,
      },
    },
  },
}
`;
