// Jest Snapshot v1, https://goo.gl/fbAQLP

exports[`RecipeDetailsPage matches snapshot 1`] = `
ShallowWrapper {
  "length": 1,
  Symbol(enzyme.__root__): [Circular],
  Symbol(enzyme.__unrendered__): <UserFavoritesPage
    fetchUserFavorites={
      [MockFunction] {
        "calls": Array [
          Array [],
        ],
      }
    }
    userFavorites={Array []}
  />,
  Symbol(enzyme.__renderer__): Object {
    "batchedUpdates": [Function],
    "getNode": [Function],
    "render": [Function],
    "simulateEvent": [Function],
    "unmount": [Function],
  },
  Symbol(enzyme.__node__): Object {
    "instance": null,
    "key": undefined,
    "nodeType": "host",
    "props": Object {
      "children": Array [
        <div
          className="col-sm-3"
        />,
        <div
          className="col-sm-6"
        >
          <table
            className="table tableResponsive w-auto table-hover"
          >
            <thead>
              <tr>
                <th>
                  Recipe Name
                </th>
                <th>
                  Owner
                </th>
                <th>
                  Actions
                </th>
              </tr>
            </thead>
            <tbody />
          </table>
        </div>,
        <div
          className="col-sm-3"
        />,
      ],
      "className": "row",
    },
    "ref": null,
    "rendered": Array [
      Object {
        "instance": null,
        "key": undefined,
        "nodeType": "host",
        "props": Object {
          "className": "col-sm-3",
        },
        "ref": null,
        "rendered": null,
        "type": "div",
      },
      Object {
        "instance": null,
        "key": undefined,
        "nodeType": "host",
        "props": Object {
          "children": <table
            className="table tableResponsive w-auto table-hover"
          >
            <thead>
              <tr>
                <th>
                  Recipe Name
                </th>
                <th>
                  Owner
                </th>
                <th>
                  Actions
                </th>
              </tr>
            </thead>
            <tbody />
          </table>,
          "className": "col-sm-6",
        },
        "ref": null,
        "rendered": Object {
          "instance": null,
          "key": undefined,
          "nodeType": "host",
          "props": Object {
            "children": Array [
              <thead>
                <tr>
                  <th>
                    Recipe Name
                  </th>
                  <th>
                    Owner
                  </th>
                  <th>
                    Actions
                  </th>
                </tr>
              </thead>,
              <tbody />,
            ],
            "className": "table tableResponsive w-auto table-hover",
          },
          "ref": null,
          "rendered": Array [
            Object {
              "instance": null,
              "key": undefined,
              "nodeType": "host",
              "props": Object {
                "children": <tr>
                  <th>
                    Recipe Name
                  </th>
                  <th>
                    Owner
                  </th>
                  <th>
                    Actions
                  </th>
                </tr>,
              },
              "ref": null,
              "rendered": Object {
                "instance": null,
                "key": undefined,
                "nodeType": "host",
                "props": Object {
                  "children": Array [
                    <th>
                      Recipe Name
                    </th>,
                    <th>
                      Owner
                    </th>,
                    <th>
                      Actions
                    </th>,
                  ],
                },
                "ref": null,
                "rendered": Array [
                  Object {
                    "instance": null,
                    "key": undefined,
                    "nodeType": "host",
                    "props": Object {
                      "children": "Recipe Name",
                    },
                    "ref": null,
                    "rendered": "Recipe Name",
                    "type": "th",
                  },
                  Object {
                    "instance": null,
                    "key": undefined,
                    "nodeType": "host",
                    "props": Object {
                      "children": "Owner",
                    },
                    "ref": null,
                    "rendered": "Owner",
                    "type": "th",
                  },
                  Object {
                    "instance": null,
                    "key": undefined,
                    "nodeType": "host",
                    "props": Object {
                      "children": "Actions",
                    },
                    "ref": null,
                    "rendered": "Actions",
                    "type": "th",
                  },
                ],
                "type": "tr",
              },
              "type": "thead",
            },
            Object {
              "instance": null,
              "key": undefined,
              "nodeType": "host",
              "props": Object {
                "children": Array [],
              },
              "ref": null,
              "rendered": Array [],
              "type": "tbody",
            },
          ],
          "type": "table",
        },
        "type": "div",
      },
      Object {
        "instance": null,
        "key": undefined,
        "nodeType": "host",
        "props": Object {
          "className": "col-sm-3",
        },
        "ref": null,
        "rendered": null,
        "type": "div",
      },
    ],
    "type": "div",
  },
  Symbol(enzyme.__nodes__): Array [
    Object {
      "instance": null,
      "key": undefined,
      "nodeType": "host",
      "props": Object {
        "children": Array [
          <div
            className="col-sm-3"
          />,
          <div
            className="col-sm-6"
          >
            <table
              className="table tableResponsive w-auto table-hover"
            >
              <thead>
                <tr>
                  <th>
                    Recipe Name
                  </th>
                  <th>
                    Owner
                  </th>
                  <th>
                    Actions
                  </th>
                </tr>
              </thead>
              <tbody />
            </table>
          </div>,
          <div
            className="col-sm-3"
          />,
        ],
        "className": "row",
      },
      "ref": null,
      "rendered": Array [
        Object {
          "instance": null,
          "key": undefined,
          "nodeType": "host",
          "props": Object {
            "className": "col-sm-3",
          },
          "ref": null,
          "rendered": null,
          "type": "div",
        },
        Object {
          "instance": null,
          "key": undefined,
          "nodeType": "host",
          "props": Object {
            "children": <table
              className="table tableResponsive w-auto table-hover"
            >
              <thead>
                <tr>
                  <th>
                    Recipe Name
                  </th>
                  <th>
                    Owner
                  </th>
                  <th>
                    Actions
                  </th>
                </tr>
              </thead>
              <tbody />
            </table>,
            "className": "col-sm-6",
          },
          "ref": null,
          "rendered": Object {
            "instance": null,
            "key": undefined,
            "nodeType": "host",
            "props": Object {
              "children": Array [
                <thead>
                  <tr>
                    <th>
                      Recipe Name
                    </th>
                    <th>
                      Owner
                    </th>
                    <th>
                      Actions
                    </th>
                  </tr>
                </thead>,
                <tbody />,
              ],
              "className": "table tableResponsive w-auto table-hover",
            },
            "ref": null,
            "rendered": Array [
              Object {
                "instance": null,
                "key": undefined,
                "nodeType": "host",
                "props": Object {
                  "children": <tr>
                    <th>
                      Recipe Name
                    </th>
                    <th>
                      Owner
                    </th>
                    <th>
                      Actions
                    </th>
                  </tr>,
                },
                "ref": null,
                "rendered": Object {
                  "instance": null,
                  "key": undefined,
                  "nodeType": "host",
                  "props": Object {
                    "children": Array [
                      <th>
                        Recipe Name
                      </th>,
                      <th>
                        Owner
                      </th>,
                      <th>
                        Actions
                      </th>,
                    ],
                  },
                  "ref": null,
                  "rendered": Array [
                    Object {
                      "instance": null,
                      "key": undefined,
                      "nodeType": "host",
                      "props": Object {
                        "children": "Recipe Name",
                      },
                      "ref": null,
                      "rendered": "Recipe Name",
                      "type": "th",
                    },
                    Object {
                      "instance": null,
                      "key": undefined,
                      "nodeType": "host",
                      "props": Object {
                        "children": "Owner",
                      },
                      "ref": null,
                      "rendered": "Owner",
                      "type": "th",
                    },
                    Object {
                      "instance": null,
                      "key": undefined,
                      "nodeType": "host",
                      "props": Object {
                        "children": "Actions",
                      },
                      "ref": null,
                      "rendered": "Actions",
                      "type": "th",
                    },
                  ],
                  "type": "tr",
                },
                "type": "thead",
              },
              Object {
                "instance": null,
                "key": undefined,
                "nodeType": "host",
                "props": Object {
                  "children": Array [],
                },
                "ref": null,
                "rendered": Array [],
                "type": "tbody",
              },
            ],
            "type": "table",
          },
          "type": "div",
        },
        Object {
          "instance": null,
          "key": undefined,
          "nodeType": "host",
          "props": Object {
            "className": "col-sm-3",
          },
          "ref": null,
          "rendered": null,
          "type": "div",
        },
      ],
      "type": "div",
    },
  ],
  Symbol(enzyme.__options__): Object {
    "adapter": ReactSixteenAdapter {
      "options": Object {
        "enableComponentDidUpdateOnSetState": true,
      },
    },
  },
}
`;
